// Jest Snapshot v1, https://goo.gl/fbAQLP

exports[`<Item /> Review Snapshot in Item component 1`] = `
<a
  href="/user/undefined"
  onClick={[Function]}
>
  <li
    className="item"
  >
    <div
      className="item__figure"
    >
      <img
        alt="photo"
        className="item__image"
        src="https://pbs.twimg.com/profile_images/1055299470148227072/xeEopDm__400x400.jpg"
      />
      <svg
        className="item__icon"
        fill="currentColor"
        height="1em"
        stroke="currentColor"
        strokeWidth="0"
        style={
          Object {
            "color": undefined,
          }
        }
        viewBox="0 0 448 512"
        width="1em"
        xmlns="http://www.w3.org/2000/svg"
      >
        <path
          d="M400 32H48C21.49 32 0 53.49 0 80v352c0 26.51 21.49 48 48 48h352c26.51 0 48-21.49 48-48V80c0-26.51-21.49-48-48-48zm0 400H48V80h352v352zm-35.864-241.724L191.547 361.48c-4.705 4.667-12.303 4.637-16.97-.068l-90.781-91.516c-4.667-4.705-4.637-12.303.069-16.971l22.719-22.536c4.705-4.667 12.303-4.637 16.97.069l59.792 60.277 141.352-140.216c4.705-4.667 12.303-4.637 16.97.068l22.536 22.718c4.667 4.706 4.637 12.304-.068 16.971z"
        />
      </svg>
    </div>
    <article
      className="item__content"
    >
      <p
        className="item__name"
      />
      <p
        className="item__dni"
      >
        undefined undefined
      </p>
      <p
        className="item__profile"
      />
    </article>
    <section
      className="item__indicator"
    />
  </li>
</a>
`;
