// Jest Snapshot v1, https://goo.gl/fbAQLP

exports[`<AuthContext /> Review Snapshot in AuthContext component 1`] = `null`;
