// Jest Snapshot v1, https://goo.gl/fbAQLP

exports[`<MessageContext /> Review Snapshot in MessageContext component 1`] = `null`;
